I'm sorry, but errors were detected in your script. Please correct the
errors listed below, and try again.


File "game/script.rpy", line 361: expected menuitem
    aa
    ^

Ren'Py Version: Ren'Py 8.3.3.24111502
Sun Mar 16 13:03:48 2025
